// Jest Snapshot v1, https://goo.gl/fbAQLP

exports[`RootLayout renders the AuthProvider and Stack navigator correctly 1`] = `null`;
